tests/ethereum-tests/VMTests/vmRandomTest/201503110526PYTHON.json
tests/ethereum-tests/VMTests/vmPerformance/loop-exp-2b-100k.json
tests/ethereum-tests/VMTests/vmPerformance/loop-exp-16b-100k.json
tests/ethereum-tests/VMTests/vmPerformance/loop-mulmod-2M.json
tests/ethereum-tests/VMTests/vmPerformance/fibonacci16.json
tests/ethereum-tests/VMTests/vmPerformance/manyFunctions100.json
tests/ethereum-tests/VMTests/vmPerformance/ackermann31.json
tests/ethereum-tests/VMTests/vmPerformance/loop-add-10M.json
tests/ethereum-tests/VMTests/vmPerformance/fibonacci10.json
tests/ethereum-tests/VMTests/vmPerformance/loop-exp-8b-100k.json
tests/ethereum-tests/VMTests/vmPerformance/loop-exp-32b-100k.json
tests/ethereum-tests/VMTests/vmPerformance/ackermann32.json
tests/ethereum-tests/VMTests/vmPerformance/loop-mul.json
tests/ethereum-tests/VMTests/vmPerformance/loop-exp-1b-1M.json
tests/ethereum-tests/VMTests/vmPerformance/loop-divadd-unr100-10M.json
tests/ethereum-tests/VMTests/vmPerformance/loop-exp-4b-100k.json
tests/ethereum-tests/VMTests/vmPerformance/ackermann33.json
tests/ethereum-tests/VMTests/vmPerformance/loop-exp-nop-1M.json
tests/ethereum-tests/VMTests/vmPerformance/loop-divadd-10M.json
tests/ethereum-tests/VMTests/vmIOandFlowOperations/indirect_jump1.json
tests/ethereum-tests/VMTests/vmIOandFlowOperations/JDfromStorageDynamicJumpiAfterStop.json
tests/ethereum-tests/VMTests/vmIOandFlowOperations/BlockNumberDynamicJumpiOutsideBoundary.json
tests/ethereum-tests/VMTests/vmIOandFlowOperations/DynamicJumpInsidePushWithoutJumpDest.json
tests/ethereum-tests/VMTests/vmIOandFlowOperations/JDfromStorageDynamicJump0_AfterJumpdest3.json
tests/ethereum-tests/VMTests/vmIOandFlowOperations/DynamicJump_value2.json
tests/ethereum-tests/VMTests/vmIOandFlowOperations/DynamicJumpAfterStop.json
tests/ethereum-tests/VMTests/vmIOandFlowOperations/BlockNumberDynamicJumpifInsidePushWithJumpDest.json
tests/ethereum-tests/VMTests/vmIOandFlowOperations/BlockNumberDynamicJump1.json
tests/ethereum-tests/VMTests/vmIOandFlowOperations/stack_loop.json
tests/ethereum-tests/VMTests/vmIOandFlowOperations/jump1.json
tests/ethereum-tests/VMTests/vmIOandFlowOperations/DynamicJumpPathologicalTest0.json
tests/ethereum-tests/VMTests/vmIOandFlowOperations/indirect_jump2.json
tests/ethereum-tests/VMTests/vmIOandFlowOperations/indirect_jump2.json
tests/ethereum-tests/VMTests/vmIOandFlowOperations/BlockNumberDynamicJumpi0.json
tests/ethereum-tests/VMTests/vmIOandFlowOperations/DynamicJumpiAfterStop.json
tests/ethereum-tests/VMTests/vmIOandFlowOperations/BlockNumberDynamicJumpInsidePushWithoutJumpDest.json
tests/ethereum-tests/VMTests/vmIOandFlowOperations/bad_indirect_jump1.json
tests/ethereum-tests/VMTests/vmIOandFlowOperations/BlockNumberDynamicJump0_jumpdest2.json
tests/ethereum-tests/VMTests/vmIOandFlowOperations/DynamicJumpInsidePushWithJumpDest.json
tests/ethereum-tests/VMTests/vmIOandFlowOperations/jump0_jumpdest2.json
tests/ethereum-tests/VMTests/vmIOandFlowOperations/JDfromStorageDynamicJumpiOutsideBoundary.json
tests/ethereum-tests/VMTests/vmIOandFlowOperations/DynamicJump0_jumpdest2.json
tests/ethereum-tests/VMTests/vmIOandFlowOperations/jumpDynamicJumpSameDest.json
tests/ethereum-tests/VMTests/vmIOandFlowOperations/JDfromStorageDynamicJumpInsidePushWithoutJumpDest.json
tests/ethereum-tests/VMTests/vmIOandFlowOperations/DynamicJump_value1.json
tests/ethereum-tests/VMTests/vmIOandFlowOperations/BlockNumberDynamicJumpiAfterStop.json
tests/ethereum-tests/VMTests/vmIOandFlowOperations/JDfromStorageDynamicJumpInsidePushWithJumpDest.json
tests/ethereum-tests/VMTests/vmIOandFlowOperations/jumpiToUintmaxPlus1.json
tests/ethereum-tests/VMTests/vmIOandFlowOperations/JDfromStorageDynamicJump0_jumpdest0.json
tests/ethereum-tests/VMTests/vmIOandFlowOperations/DynamicJumpJD_DependsOnJumps1.json
tests/ethereum-tests/VMTests/vmIOandFlowOperations/JDfromStorageDynamicJump0_AfterJumpdest.json
tests/ethereum-tests/VMTests/vmIOandFlowOperations/BlockNumberDynamicJumpInsidePushWithJumpDest.json
tests/ethereum-tests/VMTests/vmIOandFlowOperations/JDfromStorageDynamicJumpi1_jumpdest.json
tests/ethereum-tests/VMTests/vmIOandFlowOperations/bad_indirect_jump2.json
tests/ethereum-tests/VMTests/vmIOandFlowOperations/BlockNumberDynamicJumpi1.json
tests/ethereum-tests/VMTests/vmIOandFlowOperations/DynamicJump0_AfterJumpdest.json
tests/ethereum-tests/VMTests/vmIOandFlowOperations/JDfromStorageDynamicJump0_foreverOutOfGas.json
tests/ethereum-tests/VMTests/vmIOandFlowOperations/DynamicJump0_jumpdest0.json
tests/ethereum-tests/VMTests/vmIOandFlowOperations/DynamicJump_valueUnderflow.json
tests/ethereum-tests/VMTests/vmIOandFlowOperations/jumpToUint64maxPlus1.json
tests/ethereum-tests/VMTests/vmIOandFlowOperations/indirect_jump3.json
tests/ethereum-tests/VMTests/vmIOandFlowOperations/JDfromStorageDynamicJump0_withoutJumpdest.json
tests/ethereum-tests/VMTests/vmIOandFlowOperations/JDfromStorageDynamicJumpifInsidePushWithoutJumpDest.json
tests/ethereum-tests/VMTests/vmIOandFlowOperations/BlockNumberDynamicJump0_jumpdest0.json
tests/ethereum-tests/VMTests/vmIOandFlowOperations/JDfromStorageDynamicJumpi0.json
tests/ethereum-tests/VMTests/vmIOandFlowOperations/BlockNumberDynamicJump0_AfterJumpdest.json
tests/ethereum-tests/VMTests/vmIOandFlowOperations/DynamicJump0_foreverOutOfGas.json
tests/ethereum-tests/VMTests/vmIOandFlowOperations/DynamicJumpi1.json
tests/ethereum-tests/VMTests/vmIOandFlowOperations/BlockNumberDynamicJumpi1_jumpdest.json
tests/ethereum-tests/VMTests/vmIOandFlowOperations/DynamicJump0_withoutJumpdest.json
tests/ethereum-tests/VMTests/vmIOandFlowOperations/jumpHigh.json
tests/ethereum-tests/VMTests/vmIOandFlowOperations/DynamicJumpPathologicalTest1.json
tests/ethereum-tests/VMTests/vmIOandFlowOperations/DyanmicJump0_outOfBoundary.json
tests/ethereum-tests/VMTests/vmIOandFlowOperations/DynamicJumpi0.json
tests/ethereum-tests/VMTests/vmIOandFlowOperations/BlockNumberDynamicJump0_foreverOutOfGas.json
tests/ethereum-tests/VMTests/vmIOandFlowOperations/DynamicJumpiOutsideBoundary.json
tests/ethereum-tests/VMTests/vmIOandFlowOperations/gasOverFlow.json
tests/ethereum-tests/VMTests/vmIOandFlowOperations/DynamicJumpPathologicalTest2.json
tests/ethereum-tests/VMTests/vmIOandFlowOperations/DynamicJumpJD_DependsOnJumps0.json
tests/ethereum-tests/VMTests/vmIOandFlowOperations/DynamicJumpifInsidePushWithoutJumpDest.json
tests/ethereum-tests/VMTests/vmIOandFlowOperations/jumpiOutsideBoundary.json
tests/ethereum-tests/VMTests/vmIOandFlowOperations/BlockNumberDynamicJump0_withoutJumpdest.json
tests/ethereum-tests/VMTests/vmIOandFlowOperations/DynamicJump0_AfterJumpdest3.json
tests/ethereum-tests/VMTests/vmIOandFlowOperations/JDfromStorageDynamicJumpifInsidePushWithJumpDest.json
tests/ethereum-tests/VMTests/vmIOandFlowOperations/JDfromStorageDynamicJump1.json
tests/ethereum-tests/VMTests/vmIOandFlowOperations/jumpToUintmaxPlus1.json
tests/ethereum-tests/VMTests/vmIOandFlowOperations/indirect_jump4.json
tests/ethereum-tests/VMTests/vmIOandFlowOperations/JDfromStorageDynamicJumpi1.json
tests/ethereum-tests/VMTests/vmIOandFlowOperations/DynamicJump_value3.json
tests/ethereum-tests/VMTests/vmIOandFlowOperations/BlockNumberDynamicJumpifInsidePushWithoutJumpDest.json
tests/ethereum-tests/VMTests/vmIOandFlowOperations/jumpiToUint64maxPlus1.json
tests/ethereum-tests/VMTests/vmIOandFlowOperations/DynamicJumpi1_jumpdest.json
tests/ethereum-tests/VMTests/vmIOandFlowOperations/BlockNumberDynamicJump0_AfterJumpdest3.json
tests/ethereum-tests/VMTests/vmIOandFlowOperations/DynamicJumpPathologicalTest3.json
tests/ethereum-tests/VMTests/vmIOandFlowOperations/JDfromStorageDynamicJump0_jumpdest2.json
tests/ethereum-tests/VMTests/vmIOandFlowOperations/jump0_AfterJumpdest3.json
tests/ethereum-tests/VMTests/vmIOandFlowOperations/DynamicJumpifInsidePushWithJumpDest.json
tests/ethereum-tests/VMTests/vmIOandFlowOperations/DynamicJump1.json
tests/ethereum-tests/VMTests/vmSystemOperations/callcodeToReturn1.json
tests/ethereum-tests/VMTests/vmSystemOperations/callstatelessToReturn1.json
tests/ethereum-tests/VMTests/vmSystemOperations/CallToReturn1.json
tests/ethereum-tests/VMTests/vmIOandFlowOperations/loop_stacklimit_1021.json
tests/ethereum-tests/VMTests/vmIOandFlowOperations/kv1.json
tests/ethereum-tests/VMTests/vmEnvironmentalInfo/extcodesize1.json
tests/ethereum-tests/VMTests/vmEnvironmentalInfo/extcodecopy0AddressTooBigLeft.json
tests/ethereum-tests/VMTests/vmEnvironmentalInfo/extcodecopy0.json
tests/ethereum-tests/VMTests/vmEnvironmentalInfo/ExtCodeSizeAddressInputTooBigLeftMyAddress.json
tests/ethereum-tests/VMTests/vmEnvironmentalInfo/codesize.json
tests/ethereum-tests/VMTests/vmEnvironmentalInfo/codecopy0.json
